src/App.tsx(2,8): error TS6133: 'React' is declared but its value is never read.
src/App.tsx(6,10): error TS1484: 'ScheduleEvent' is a type and must be imported using a type-only import when 'verbatimModuleSyntax' is enabled.
src/components/DailyStats.tsx(3,10): error TS1484: 'ScheduleEvent' is a type and must be imported using a type-only import when 'verbatimModuleSyntax' is enabled.
src/components/DailyStats.tsx(3,25): error TS1484: 'Category' is a type and must be imported using a type-only import when 'verbatimModuleSyntax' is enabled.
src/components/EventModal.tsx(3,10): error TS1484: 'ScheduleEvent' is a type and must be imported using a type-only import when 'verbatimModuleSyntax' is enabled.
src/components/EventModal.tsx(3,25): error TS1484: 'Category' is a type and must be imported using a type-only import when 'verbatimModuleSyntax' is enabled.
src/components/WeeklyCalendar.tsx(3,10): error TS1484: 'ScheduleEvent' is a type and must be imported using a type-only import when 'verbatimModuleSyntax' is enabled.
src/components/WeeklyCalendar.tsx(225,27): error TS2304: Cannot find name 'CategoryLabels'.
src/hooks/useSchedule.ts(3,10): error TS1484: 'ScheduleEvent' is a type and must be imported using a type-only import when 'verbatimModuleSyntax' is enabled.
